src/components/TradeConfirmationModal.tsx(3,50): error TS6133: 'AlertTriangle' is declared but its value is never read.
